Microchip MPLAB XC8 Compiler V2.10 ()

Linker command line:

-W-3 --edf=/opt/microchip/xc8/v2.10/pic/dat/en_msgs.txt -cs \
  -h+dist/XC8_PIC16F628A/production/PWM_lights_pic16f628a.X.production.sym \
  --cmf=dist/XC8_PIC16F628A/production/PWM_lights_pic16f628a.X.production.cmf \
  -z -Q16F628A -o/tmp/xcXdu9fkH --defsym=__MPLAB_BUILD=1 \
  -Mdist/XC8_PIC16F628A/production/PWM_lights_pic16f628a.X.production.map \
  -E1 -ver=XC8 --acfsm=1493 -ASTACK=0A0h-0EFh -pstack=STACK \
  -ACODE=00h-07FFh -ASTRCODE=00h-07FFh -ASTRING=00h-0FFhx8 \
  -ACONST=00h-0FFhx8 -AENTRY=00h-0FFhx8 -ACOMMON=070h-07Fh \
  -ABANK0=020h-06Fh -ABANK1=0A0h-0EFh -ABANK2=0120h-014Fh \
  -ARAM=020h-06Fh,0A0h-0EFh,0120h-014Fh \
  -AABS1=020h-07Fh,0A0h-0EFh,0120h-014Fh -ASFR0=00h-01Fh -ASFR1=080h-09Fh \
  -ASFR2=0100h-011Fh -ASFR3=0180h-01EFh \
  -preset_vec=00h,intentry=04h,init,end_init -ppowerup=CODE -pcinit=CODE \
  -pfunctab=ENTRY -ACONFIG=02007h-02007h -pconfig=CONFIG -DCONFIG=2 \
  -AIDLOC=02000h-02003h -pidloc=IDLOC -DIDLOC=2 -AEEDATA=00h-07Fh/02100h \
  -peeprom_data=EEDATA -DEEDATA=2 -DCODE=2 -DSTRCODE=2 -DSTRING=2 -DCONST=2 \
  -DENTRY=2 -k /tmp/xcXITlLpD.o \
  dist/XC8_PIC16F628A/production/PWM_lights_pic16f628a.X.production.o 

Object code version is 3.11

Machine type is 16F628A



                Name                               Link     Load   Length Selector   Space Scale
/tmp/xcXITlLpD.o
                end_init                              E        E        1        8       0
                reset_vec                             0        0        1        0       0
                config                             2007     2007        1     400E       0
dist/XC8_PIC16F628A/production/PWM_lights_pic16f628a.X.production.o
                cinit                                 F        F       33        8       0
                intentry                              4        4        A        8       0
                text6                               34F      34F       46        8       0
                text5                               395      395       43        8       0
                text4                               258      258       F7        8       0
                text3                               409      409        1        8       0
                text2                               3D8      3D8       15        8       0
                text1                               400      400        9        8       0
                maintext                             42       42      216        8       0
                cstackBANK0                          20       20       15       20       1
                cstackCOMMON                         70       70        D       70       1
                dataBANK0                            35       35       13       20       1
                bssBANK0                             48       48        B       20       1
                idataBANK0                          3ED      3ED       13        8       0

TOTAL           Name                               Link     Load   Length     Space
        CLASS   STACK          

        CLASS   CODE           
                end_init                              E        E        1         0
                cinit                                 F        F       33         0
                intentry                              4        4        A         0
                reset_vec                             0        0        1         0
                text6                               34F      34F       46         0
                text5                               395      395       43         0
                text4                               258      258       F7         0
                text3                               409      409        1         0
                text2                               3D8      3D8       15         0
                text1                               400      400        9         0
                maintext                             42       42      216         0
                idataBANK0                          3ED      3ED       13         0

        CLASS   STRCODE        

        CLASS   STRING         

        CLASS   CONST          

        CLASS   ENTRY          

        CLASS   COMMON         
                cstackCOMMON                         70       70        D         1

        CLASS   BANK0          
                cstackBANK0                          20       20       15         1
                dataBANK0                            35       35       13         1
                bssBANK0                             48       48        B         1

        CLASS   BANK1          

        CLASS   BANK2          

        CLASS   RAM            

        CLASS   ABS1           
                abs_s1                               7E       7E        2         1

        CLASS   SFR0           

        CLASS   SFR1           

        CLASS   SFR2           

        CLASS   SFR3           

        CLASS   CONFIG         
                config                             2007     2007        1         0

        CLASS   IDLOC          

        CLASS   EEDATA         

        CLASS   BANK3          



SEGMENTS        Name                           Load    Length   Top    Selector   Space  Class     Delta

                reset_vec                      000000  000001  000001         0       0  CODE        2
                intentry                       000004  000406  00040A         8       0  CODE        2
                cstackBANK0                    000020  000033  000053        20       1  BANK0       1
                cstackCOMMON                   000070  00000D  00007D        70       1  COMMON      1
                config                         002007  000001  002008      400E       0  CONFIG      2


UNUSED ADDRESS RANGES

        Name                Unused          Largest block    Delta
        BANK0            0053-006F             1D           1
        BANK1            00A0-00EF             50           1
        BANK2            0120-014F             30           1
        CODE             0001-0003              3           2
                         040A-07FF            3F6
        COMMON           007D-007D              1           1
        CONST            0001-0003              3           2
                         040A-07FF            100
        EEDATA           2100-217F             80           2
        ENTRY            0001-0003              3           2
                         040A-07FF            100
        IDLOC            2000-2003              4           2
        RAM              0053-006F             1D           1
                         00A0-00EF             50
                         0120-014F             30
        SFR0             0000-001F             20           1
        SFR1             0080-009F             20           1
        SFR2             0100-011F             20           1
        SFR3             0180-01EF             70           1
        STACK            00A0-00EF             50           1
        STRCODE          0001-0003              3           2
                         040A-07FF            3F6
        STRING           0001-0003              3           2
                         040A-07FF            100

                                  Symbol Table

?___lmul                      cstackCOMMON 0070
?_rand                        cstackBANK0  0020
_CMCON                        (abs)        001F
_ConfigureOscillator          text3        0409
_GIE                          (abs)        005F
_INTCON                       (abs)        000B
_InitApp                      text2        03D8
_PIE1                         (abs)        008C
_PORTA                        (abs)        0005
_PORTB                        (abs)        0006
_RA0                          (abs)        0028
_RA1                          (abs)        0029
_RA2                          (abs)        002A
_RA3                          (abs)        002B
_RA4                          (abs)        002C
_RA7                          (abs)        002F
_RBIF                         (abs)        0058
_TRISA                        (abs)        0085
_TRISB                        (abs)        0086
__CFG_BOREN$OFF               (abs)        0000
__CFG_CP$OFF                  (abs)        0000
__CFG_CPD$OFF                 (abs)        0000
__CFG_FOSC$INTOSCIO           (abs)        0000
__CFG_LVP$OFF                 (abs)        0000
__CFG_MCLRE$OFF               (abs)        0000
__CFG_PWRTE$OFF               (abs)        0000
__CFG_WDTE$OFF                (abs)        0000
__Habs1                       abs1         0000
__Hbank0                      bank0        0000
__Hbank1                      bank1        0000
__Hbank2                      bank2        0000
__Hbank3                      bank3        0000
__HbssBANK0                   bssBANK0     0000
__Hcinit                      cinit        0042
__Hclrtext                    clrtext      0000
__Hcode                       code         0000
__Hcommon                     common       0000
__Hconfig                     config       2008
__HcstackBANK0                cstackBANK0  0000
__HcstackCOMMON               cstackCOMMON 0000
__HdataBANK0                  dataBANK0    0000
__Heeprom_data                eeprom_data  0000
__Hend_init                   end_init     000F
__Hfunctab                    functab      0000
__HidataBANK0                 idataBANK0   0000
__Hidloc                      idloc        0000
__Hinit                       init         000E
__Hintentry                   intentry     000E
__Hmaintext                   maintext     0000
__Hpowerup                    powerup      0000
__Hram                        ram          0000
__Hreset_vec                  reset_vec    0001
__Hsfr0                       sfr0         0000
__Hsfr1                       sfr1         0000
__Hsfr2                       sfr2         0000
__Hsfr3                       sfr3         0000
__Hspace_0                    (abs)        2008
__Hspace_1                    (abs)        007D
__Hspace_2                    (abs)        0000
__Hspace_3                    (abs)        0000
__Hstack                      stack        0000
__Hstrings                    strings      0000
__Htext                       text         0000
__Labs1                       abs1         0000
__Lbank0                      bank0        0000
__Lbank1                      bank1        0000
__Lbank2                      bank2        0000
__Lbank3                      bank3        0000
__LbssBANK0                   bssBANK0     0000
__Lcinit                      cinit        000F
__Lclrtext                    clrtext      0000
__Lcode                       code         0000
__Lcommon                     common       0000
__Lconfig                     config       2007
__LcstackBANK0                cstackBANK0  0000
__LcstackCOMMON               cstackCOMMON 0000
__LdataBANK0                  dataBANK0    0000
__Leeprom_data                eeprom_data  0000
__Lend_init                   end_init     000E
__Lfunctab                    functab      0000
__LidataBANK0                 idataBANK0   0000
__Lidloc                      idloc        0000
__Linit                       init         000E
__Lintentry                   intentry     0004
__Lmaintext                   maintext     0000
__Lpowerup                    powerup      0000
__Lram                        ram          0000
__Lreset_vec                  reset_vec    0000
__Lsfr0                       sfr0         0000
__Lsfr1                       sfr1         0000
__Lsfr2                       sfr2         0000
__Lsfr3                       sfr3         0000
__Lspace_0                    (abs)        0000
__Lspace_1                    (abs)        0000
__Lspace_2                    (abs)        0000
__Lspace_3                    (abs)        0000
__Lstack                      stack        0000
__Lstrings                    strings      0000
__Ltext                       text         0000
__S0                          (abs)        2008
__S1                          (abs)        007D
__S2                          (abs)        0000
__S3                          (abs)        0000
___int_sp                     stack        0000
___latbits                    (abs)        0000
___lmul                       text6        034F
___lmul@multiplicand          cstackCOMMON 0074
___lmul@multiplier            cstackCOMMON 0070
___lmul@product               cstackCOMMON 0079
___sp                         stack        0000
___stackhi                    (abs)        0000
___stacklo                    (abs)        0000
__end_of_ConfigureOscillator  text3        040A
__end_of_InitApp              text2        03ED
__end_of___lmul               text6        0395
__end_of__initialization      cinit        0040
__end_of_main                 maintext     0258
__end_of_my_isr_routine       text4        034F
__end_of_rand                 text5        03D8
__end_of_srand                text1        0409
__initialization              cinit        000F
__pbssBANK0                   bssBANK0     0048
__pcstackBANK0                cstackBANK0  0020
__pcstackCOMMON               cstackCOMMON 0070
__pdataBANK0                  dataBANK0    0035
__pidataBANK0                 idataBANK0   03ED
__pintentry                   intentry     0004
__pmaintext                   maintext     0042
__ptext1                      text1        0400
__ptext2                      text2        03D8
__ptext3                      text3        0409
__ptext4                      text4        0258
__ptext5                      text5        0395
__ptext6                      text6        034F
__size_of_ConfigureOscillator (abs)        0000
__size_of_InitApp             (abs)        0000
__size_of___lmul              (abs)        0000
__size_of_main                (abs)        0000
__size_of_my_isr_routine      (abs)        0000
__size_of_rand                (abs)        0000
__size_of_srand               (abs)        0000
_bit_counter                  bssBANK0     0051
_counter                      bssBANK0     004F
_delay                        dataBANK0    003A
_ii                           bssBANK0     0052
_main                         maintext     0042
_my_isr_routine               text4        0258
_new_state                    dataBANK0    003F
_old_state                    bssBANK0     0048
_rand                         text5        0395
_randx                        dataBANK0    0044
_sample                       dataBANK0    0035
_srand                        text1        0400
_timer_for_demo               bssBANK0     004D
btemp                         (abs)        007E
end_of_initialization         cinit        0040
interrupt_function            intentry     0004
intlevel0                     functab      0000
intlevel1                     functab      0000
intlevel2                     functab      0000
intlevel3                     functab      0000
intlevel4                     functab      0000
intlevel5                     functab      0000
main@k                        cstackBANK0  0034
my_isr_routine@i              cstackBANK0  002D
my_isr_routine@j              cstackBANK0  002E
my_isr_routine@j_47           cstackBANK0  002C
reset_vec                     reset_vec    0000
saved_w                       (abs)        007E
srand@x                       cstackBANK0  002F
start                         init         000E
start_initialization          cinit        000F
wtemp0                        (abs)        007E


FUNCTION INFORMATION:

 *************** function _main *****************
 Defined at:
		line 31 in file "main.c"
 Parameters:    Size  Location     Type
		None
 Auto vars:     Size  Location     Type
  k               1   20[BANK0 ] unsigned char 
 Return value:  Size  Location     Type
                  1    wreg      void 
 Registers used:
		wreg, status,2, status,0, pclath, cstack
 Tracked objects:
		On entry : 
		On exit  : 
		Unchanged: 
 Data sizes:     COMMON   BANK0   BANK1   BANK2
      Params:         0       0       0       0
      Locals:         0       1       0       0
      Temps:          0       3       0       0
      Totals:         0       4       0       0
Total ram usage:        4 bytes
 Hardware stack levels required when called:    4
 This function calls:
		_ConfigureOscillator
		_InitApp
		_srand
 This function is called by:
		Startup code after reset
 This function uses a non-reentrant model


 *************** function _srand *****************
 Defined at:
		line 6 in file "/opt/microchip/xc8/v2.10/pic/sources/c90/common/rand.c"
 Parameters:    Size  Location     Type
  x               2   15[BANK0 ] unsigned int 
 Auto vars:     Size  Location     Type
		None
 Return value:  Size  Location     Type
                  1    wreg      void 
 Registers used:
		wreg
 Tracked objects:
		On entry : 
		On exit  : 
		Unchanged: 
 Data sizes:     COMMON   BANK0   BANK1   BANK2
      Params:         0       2       0       0
      Locals:         0       0       0       0
      Temps:          0       0       0       0
      Totals:         0       2       0       0
Total ram usage:        2 bytes
 Hardware stack levels used:    1
 Hardware stack levels required when called:    3
 This function calls:
		Nothing
 This function is called by:
		_main
 This function uses a non-reentrant model


 *************** function _InitApp *****************
 Defined at:
		line 25 in file "user.c"
 Parameters:    Size  Location     Type
		None
 Auto vars:     Size  Location     Type
		None
 Return value:  Size  Location     Type
                  1    wreg      void 
 Registers used:
		wreg, status,2
 Tracked objects:
		On entry : 
		On exit  : 
		Unchanged: 
 Data sizes:     COMMON   BANK0   BANK1   BANK2
      Params:         0       0       0       0
      Locals:         0       0       0       0
      Temps:          0       0       0       0
      Totals:         0       0       0       0
Total ram usage:        0 bytes
 Hardware stack levels used:    1
 Hardware stack levels required when called:    3
 This function calls:
		Nothing
 This function is called by:
		_main
 This function uses a non-reentrant model


 *************** function _ConfigureOscillator *****************
 Defined at:
		line 18 in file "system.c"
 Parameters:    Size  Location     Type
		None
 Auto vars:     Size  Location     Type
		None
 Return value:  Size  Location     Type
                  1    wreg      void 
 Registers used:
		None
 Tracked objects:
		On entry : 
		On exit  : 
		Unchanged: 
 Data sizes:     COMMON   BANK0   BANK1   BANK2
      Params:         0       0       0       0
      Locals:         0       0       0       0
      Temps:          0       0       0       0
      Totals:         0       0       0       0
Total ram usage:        0 bytes
 Hardware stack levels used:    1
 Hardware stack levels required when called:    3
 This function calls:
		Nothing
 This function is called by:
		_main
 This function uses a non-reentrant model


 *************** function _my_isr_routine *****************
 Defined at:
		line 49 in file "interrupts.c"
 Parameters:    Size  Location     Type
		None
 Auto vars:     Size  Location     Type
  j               1   12[BANK0 ] unsigned char 
  j               1   14[BANK0 ] unsigned char 
  i               1   13[BANK0 ] unsigned char 
 Return value:  Size  Location     Type
                  1    wreg      void 
 Registers used:
		wreg, fsr0l, fsr0h, status,2, status,0, pclath, cstack
 Tracked objects:
		On entry : 
		On exit  : 
		Unchanged: 
 Data sizes:     COMMON   BANK0   BANK1   BANK2
      Params:         0       0       0       0
      Locals:         0       3       0       0
      Temps:          0       5       0       0
      Totals:         0       8       0       0
Total ram usage:        8 bytes
 Hardware stack levels used:    1
 Hardware stack levels required when called:    2
 This function calls:
		_rand
 This function is called by:
		Interrupt level 1
 This function uses a non-reentrant model


 *************** function _rand *****************
 Defined at:
		line 12 in file "/opt/microchip/xc8/v2.10/pic/sources/c90/common/rand.c"
 Parameters:    Size  Location     Type
		None
 Auto vars:     Size  Location     Type
		None
 Return value:  Size  Location     Type
                  2    0[BANK0 ] int 
 Registers used:
		wreg, status,2, status,0, pclath, cstack
 Tracked objects:
		On entry : 
		On exit  : 
		Unchanged: 
 Data sizes:     COMMON   BANK0   BANK1   BANK2
      Params:         0       2       0       0
      Locals:         0       0       0       0
      Temps:          0       5       0       0
      Totals:         0       7       0       0
Total ram usage:        7 bytes
 Hardware stack levels used:    1
 Hardware stack levels required when called:    1
 This function calls:
		___lmul
 This function is called by:
		_my_isr_routine
 This function uses a non-reentrant model


 *************** function ___lmul *****************
 Defined at:
		line 15 in file "/opt/microchip/xc8/v2.10/pic/sources/c90/common/Umul32.c"
 Parameters:    Size  Location     Type
  multiplier      4    0[COMMON] unsigned long 
  multiplicand    4    4[COMMON] unsigned long 
 Auto vars:     Size  Location     Type
  product         4    9[COMMON] unsigned long 
 Return value:  Size  Location     Type
                  4    0[COMMON] unsigned long 
 Registers used:
		wreg, status,2, status,0
 Tracked objects:
		On entry : 
		On exit  : 
		Unchanged: 
 Data sizes:     COMMON   BANK0   BANK1   BANK2
      Params:         8       0       0       0
      Locals:         4       0       0       0
      Temps:          1       0       0       0
      Totals:        13       0       0       0
Total ram usage:       13 bytes
 Hardware stack levels used:    1
 This function calls:
		Nothing
 This function is called by:
		_rand
 This function uses a non-reentrant model



MODULE INFORMATION

Module		Function		Class		Link	Load	Size
interrupts.c
		_my_isr_routine		CODE           	0258	0000	248

interrupts.c estimated size: 248

/opt/microchip/xc8/v2.10/pic/sources/c90/common/Umul32.c
		___lmul        		CODE           	034F	0000	71

/opt/microchip/xc8/v2.10/pic/sources/c90/common/Umul32.c estimated size: 71

shared
		__initialization		CODE           	000F	0000	50

shared estimated size: 50

/opt/microchip/xc8/v2.10/pic/sources/c90/common/rand.c
		_srand         		CODE           	0400	0000	10
		_rand          		CODE           	0395	0000	68

/opt/microchip/xc8/v2.10/pic/sources/c90/common/rand.c estimated size: 78

user.c
		_InitApp       		CODE           	03D8	0000	22

user.c estimated size: 22

main.c
		_main          		CODE           	0042	0000	535

main.c estimated size: 535

system.c
		_ConfigureOscillator		CODE           	0409	0000	2

system.c estimated size: 2

